
> dota2-player-profiles@0.1.0 test
> vitest run

node.exe : [33mThe CJS build of Vite's Node API is deprecated. See 
https://vite.dev/guide/troubleshooting.html#vite-cjs-node-api-deprecated for 
more details.[39m
Au caractère Ligne:1 : 1
+ & "C:\Program Files\nodejs/node.exe" "C:\Program Files\nodejs/node_mo ...
+ ~~~~~~~~~~~~~~~~~~~~~~~~~~~~~~~~~~~~~~~~~~~~~~~~~~~~~~~~~~~~~~~~~~~~~
    + CategoryInfo          : NotSpecified: ([33mThe CJS bu...e details.[39m 
   :String) [], RemoteException
    + FullyQualifiedErrorId : NativeCommandError
 

[1m[7m[36m RUN [39m[27m[22m [36mv2.1.9 [39m[90mD:/Training/Coding/Dota2[39m

 [32mÔ£ô[39m src/infrastructure/supabase/browser-client.test.ts [2m([22m[2m4 tests[22m[2m)[22m[90m 8[2mms[22m[39m
 [32mÔ£ô[39m src/domain/validation/validators.test.ts [2m([22m[2m3 tests[22m[2m)[22m[90m 6[2mms[22m[39m
 [31mÔØ»[39m src/test/hero-catalogue.test.ts [2m([22m[2m5 tests[22m[2m | [22m[31m1 failed[39m[2m)[22m[90m 22[2mms[22m[39m
[31m   [31m├ù[31m Hero catalogue generation[2m > [22mkeeps canonical display names distinct from legacy asset slugs[90m 12[2mms[22m[31m[39m
[31m     ÔåÆ expected 'Outworld Devourer' to be 'Outworld Destroyer' // Object.is equality[39m
 [32mÔ£ô[39m src/application/use-cases/player-hero-use-cases.test.ts [2m([22m[2m4 tests[22m[2m)[22m[90m 10[2mms[22m[39m
 [31mÔØ»[39m src/application/use-cases/questionnaire-use-cases.test.ts [2m([22m[2m18 tests[22m[2m | [22m[31m1 failed[39m[2m)[22m[90m 25[2mms[22m[39m
[31m   [31m├ù[31m questionnaire use cases[2m > [22mSaveQuestionnaireStep[2m > [22msaves a step without erasing other steps[90m 8[2mms[22m[31m[39m
[31m     ÔåÆ Step identity has validation errors.[39m
 [32mÔ£ô[39m src/infrastructure/repositories/repository-factory.test.ts [2m([22m[2m2 tests[22m[2m)[22m[90m 5[2mms[22m[39m
 [32mÔ£ô[39m src/features/data-preview/data-preview.test.tsx [2m([22m[2m1 test[22m[2m)[22m[90m 53[2mms[22m[39m
 [32mÔ£ô[39m src/features/player-profile/profile-form.test.tsx [2m([22m[2m2 tests[22m[2m)[22m[33m 411[2mms[22m[39m
 [31mÔØ»[39m src/features/hero-pool/hero-pool-manager.test.tsx [2m([22m[2m1 test[22m[2m | [22m[31m1 failed[39m[2m)[22m[33m 627[2mms[22m[39m
[31m   [31m├ù[31m HeroPoolManager[2m > [22madds, edits, and removes a hero through the form[33m 626[2mms[22m[31m[39m
[31m     ÔåÆ Unable to find a label with the text of: /^heros$/i

Ignored nodes: comments, script, style
[36m<body>[31m
  [36m<div>[31m
    [36m<section[31m
      [33mclass[31m=[32m"grid gap-6"[31m
    [36m>[31m
      [36m<div>[31m
        [36m<h1[31m
          [33mclass[31m=[32m"text-2xl font-bold text-slate-950"[31m
        [36m>[31m
          [0mProfil joueur[0m
        [36m</h1>[31m
        [36m<p[31m
          [33mclass[31m=[32m"text-slate-700"[31m
        [36m>[31m
          [0mRenseignez le role principal, les roles secondaires et les preferences de jeu.[0m
        [36m</p>[31m
      [36m</div>[31m
      [36m<form[31m
        [33mclass[31m=[32m"grid gap-6"[31m
      [36m>[31m
        [36m<div[31m
          [33mclass[31m=[32m"grid gap-4 rounded-md border border-slate-200 bg-white p-4 md:grid-cols-2"[31m
        [36m>[31m
          [36m<div[31m
            [33mclass[31m=[32m"grid gap-2"[31m
          [36m>[31m
            [36m<label[31m
              [33mclass[31m=[32m"text-sm font-medium text-slate-800"[31m
              [33mfor[31m=[32m"pseudonym"[31m
            [36m>[31m
              [0mPseudonyme[0m
            [36m</label>[31m
            [36m<input[31m
              [33mclass[31m=[32m"rounded-md border border-slate-300 px-3 py-2"[31m
              [33mid[31m=[32m"pseudonym"[31m
              [33mvalue[31m=[32m"Collapse"[31m
            [36m/>[31m
          [36m</div>[31m
          [36m<div[31m
            [33mclass[31m=[32m"grid gap-2"[31m
          [36m>[31m
            [36m<label[31m
              [33mclass[31m=[32m"text-sm font-medium text-slate-800"[31m
              [33mfor[31m=[32m"mainRole"[31m
            [36m>[31m
              [0mRole principal[0m
            [36m</label>[31m
            [36m<select[31m
              [33mclass[31m=[32m"rounded-md border border-slate-300 bg-white px-3 py-2"[31m
              [33mid[31m=[32m"mainRole"[31m
            [36m>[31m
              [36m<option[31m
                [33mvalue[31m=[32m"position_1"[31m
              [36m>[31m
                [0mPosition 1[0m
              [36m</option>[31m
              [36m<option[31m
                [33mvalue[31m=[32m"position_2"[31m
              [36m>[31m
                [0mPosition 2[0m
              [36m</option>[31m
              [36m<option[31m
                [33mvalue[31m=[32m"position_3"[31m
              [36m>[31m
                [0mPosition 3[0m
              [36m</option>[31m
              [36m<option[31m
                [33mvalue[31m=[32m"position_4"[31m
              [36m>[31m
                [0mPosition 4[0m
              [36m</option>[31m
              [36m<option[31m
                [33mvalue[31m=[32m"position_5"[31m
              [36m>[31m
                [0mPosition 5[0m
              [36m</option>[31m
            [36m</select>[31m
          [36m</div>[31m
          [36m<div[31m
            [33mclass[31m=[32m"md:col-span-2"[31m
          [36m>[31m
            [36m<fieldset[31m
              [33mclass[31m=[32m"grid gap-2"[31m
            [36m>[31m
              [36m<legend[31m
                [33mclass[31m=[32m"text-sm font-medium text-slate-800"[31m
              [36m>[31m
                [0mRoles secondaires[0m
              [36m</legend>[31m
              [36m<div[31m
                [33mclass[31m=[32m"grid gap-2 sm:grid-cols-2"[31m
              [36m>[31m
                [36m<label[31m
                  [33mclass[31m=[32m"flex items-center gap-2 text-sm text-slate-700"[31m
                [36m>[31m
                  [36m<input[31m
                    [33mclass[31m=[32m"h-4 w-4"[31m
                    [33mtype[31m=[32m"checkbox"[31m
                  [36m/>[31m
                  [0mPosition 1[0m
                [36m</label>[31m
                [36m<label[31m
                  [33mclass[31m=[32m"flex items-center gap-2 text-sm text-slate-700"[31m
                [36m>[31m
                  [36m<input[31m
                    [33mclass[31m=[32m"h-4 w-4"[31m
                    [33mtype[31m=[32m"checkbox"[31m
                  [36m/>[31m
                  [0mPosition 2[0m
                [36m</label>[31m
                [36m<label[31m
                  [33mclass[31m=[32m"flex items-center gap-2 text-sm text-slate-700"[31m
                [36m>[31m
                  [36m<input[31m
                    [33mclass[31m=[32m"h-4 w-4"[31m
                    [33mtype[31m=[32m"checkbox"[31m
                  [36m/>[31m
                  [0mPosition 3[0m
                [36m</label>[31m
                [36m<label[31m
                  [33mclass[31m=[32m"flex items-center gap-2 text-sm text-slate-700"[31m
                [36m>[31m
                  [36m<input[31m
                    [33mclass[31m=[32m"h-4 w-4"[31m
                    [33mtype[31m=[32m"checkbox"[31m
                  [36m/>[31m
                  [0mPosition 4[0m
                [36m</label>[31m
                [36m<label[31m
                  [33mclass[31m=[32m"flex items-center gap-2 text-sm text-slate-700"[31m
                [36m>[31m
                  [36m<input[31m
                    [33mclass[31m=[32m"h-4 w-4"[31m
                    [33mtype[31m=[32m"checkbox"[31m
                  [36m/>[31m
                  [0mPosition 5[0m
                [36m</label>[31m
              [36m</div>[31m
            [36m</fieldset>[31m
          [36m</div>[31m
        [36m</div>[31m
        [36m<div[31m
          [33mclass[31m=[32m"grid gap-4 rounded-md border border-slate-200 bg-white p-4 md:grid-cols-5"[31m
        [36m>[31m
          [36m<div[31m
            [33mclass[31m=[32m"grid gap-2"[31m
          [36m>[31m
            [36m<label[31m
              [33mclass[31m=[32m"text-sm font-medium text-slate-800"[31m
              [33mfor[31m=[32m"farmPriority"[31m
            [36m>[31m
              [0mPriorite farm[0m
            [36m</label>[31m
            [36m<select[31m
              [33mclass[31m=[32m"rounded-md border border-slate-300 bg-white px-3 py-2"[31m
              [33mid[31m=[32m"farmPriority"[31m
            [36m>[31m
              [36m<option[31m
                [33mvalue[31m=[32m"1"[31m
              [36m>[31m
                [0m1[0m
              [36m</option>[31m
              [36m<option[31m
                [33mvalue[31m=[32m"2"[31m
              [36m>[31m
                [0m2[0m
              [36m</option>[31m
              [36m<option[31m
                [33mvalue[31m=[32m"3"[31m
              [36m>[31m
                [0m3[0m
              [36m</option>[31m
              [36m<option[31m
                [33mvalue[31m=[32m"4"[31m
              [36m>[31m
                [0m4[0m
              [36m</option>[31m
              [36m<option[31m
          ...[39m

[31mÔÄ»ÔÄ»ÔÄ»ÔÄ»ÔÄ»ÔÄ»ÔÄ»[1m[7m Failed Tests 3 
[27m[22mÔÄ»ÔÄ»ÔÄ»ÔÄ»ÔÄ»ÔÄ»ÔÄ»[39m

[31m[1m[7m FAIL [27m[22m[39m src/test/hero-catalogue.test.ts[2m > 
[22mHero catalogue generation[2m > [22mkeeps canonical display names 
distinct from legacy asset slugs
[31m[1mAssertionError[22m: expected 'Outworld Devourer' to be 'Outworld 
Destroyer' // Object.is equality[39m

Expected: [32m"Outworld De[7mstroy[27mer"[39m
Received: [31m"Outworld De[7mvour[27mer"[39m

[36m [2mÔØ»[22m src/test/hero-catalogue.test.ts:[2m17:47[22m[39m
    [90m 15| [39m    [34mexpect[39m(mapping[33m.[39m[35mget[39m([32m'f
urion'[39m))[33m.[39m[34mtoBe[39m([32m"Nature's Prophet"[39m)[33m;[39m
    [90m 16| [39m    [34mexpect[39m(mapping[33m.[39m[35mget[39m([32m'n
evermore'[39m))[33m.[39m[34mtoBe[39m([32m'Shadow Fiend'[39m)[33m;[39m
    [90m 17| [39m    [34mexpect[39m(mapping[33m.[39m[35mget[39m([32m'o
bsidian_destroyer'[39m))[33m.[39m[34mtoBe[39m([32m'Outworld 
Destroyer[39mÔÇª
    [90m   | [39m                                              [31m^[39m
    [90m 18| [39m    [34mexpect[39m(mapping[33m.[39m[35mget[39m([32m'z
uus'[39m))[33m.[39m[34mtoBe[39m([32m'Zeus'[39m)[33m;[39m
    [90m 19| [39m    [34mexpect[39m(mapping[33m.[39m[35mget[39m([32m'd
oom_bringer'[39m))[33m.[39m[34mtoBe[39m([32m'Doom'[39m)[33m;[39m

[31m[2mÔÄ»ÔÄ»ÔÄ»ÔÄ»ÔÄ»ÔÄ»ÔÄ»ÔÄ»ÔÄ»ÔÄ»ÔÄ»ÔÄ»ÔÄ»ÔÄ»ÔÄ»ÔÄ»ÔÄ»ÔÄ»ÔÄ»ÔÄ»ÔÄ»ÔÄ»ÔÄ»Ô
Ä»[1/3]ÔÄ»[22m[39m

[31m[1m[7m FAIL [27m[22m[39m 
src/application/use-cases/questionnaire-use-cases.test.ts[2m > 
[22mquestionnaire use cases[2m > [22mSaveQuestionnaireStep[2m > [22msaves 
a step without erasing other steps
[31m[1mDomainValidationError[22m: Step identity has validation errors.[39m
[36m [2mÔØ»[22m SaveQuestionnaireStep.execute 
src/application/use-cases/save-questionnaire-step.ts:[2m48:13[22m[39m
    [90m 46| [39m    [35mconst[39m service [33m=[39m [35mnew[39m 
[33mQuestionnaireStepService[39m(questionnaire)[33m;[39m
    [90m 47| [39m    [35mif[39m 
([33m![39mservice[33m.[39m[34misStepValid[39m(input[33m.[39mstep)) {
    [90m 48| [39m      [35mthrow[39m [35mnew[39m 
[33mDomainValidationError[39m([
    [90m   | [39m            [31m^[39m
    [90m 49| [39m        {
    [90m 50| [39m          code[33m:[39m 
[32m'out_of_range'[39m[33m,[39m
[90m [2mÔØ»[22m 
src/application/use-cases/questionnaire-use-cases.test.ts:[2m74:23[22m[39m

[31m[2mÔÄ»ÔÄ»ÔÄ»ÔÄ»ÔÄ»ÔÄ»ÔÄ»ÔÄ»ÔÄ»ÔÄ»ÔÄ»ÔÄ»ÔÄ»ÔÄ»ÔÄ»ÔÄ»ÔÄ»ÔÄ»ÔÄ»ÔÄ»ÔÄ»ÔÄ»ÔÄ»Ô
Ä»[2/3]ÔÄ»[22m[39m

[31m[1m[7m FAIL [27m[22m[39m 
src/features/hero-pool/hero-pool-manager.test.tsx[2m > 
[22mHeroPoolManager[2m > [22madds, edits, and removes a hero through the 
form
[31m[1mTestingLibraryElementError[22m[39m: Unable to find a label with the 
text of: /^heros$/i

Ignored nodes: comments, script, style
[36m<body>[39m
  [36m<div>[39m
    [36m<section[39m
      [33mclass[39m=[32m"grid gap-6"[39m
    [36m>[39m
      [36m<div>[39m
        [36m<h1[39m
          [33mclass[39m=[32m"text-2xl font-bold text-slate-950"[39m
        [36m>[39m
          [0mProfil joueur[0m
        [36m</h1>[39m
        [36m<p[39m
          [33mclass[39m=[32m"text-slate-700"[39m
        [36m>[39m
          [0mRenseignez le role principal, les roles secondaires et les 
preferences de jeu.[0m
        [36m</p>[39m
      [36m</div>[39m
      [36m<form[39m
        [33mclass[39m=[32m"grid gap-6"[39m
      [36m>[39m
        [36m<div[39m
          [33mclass[39m=[32m"grid gap-4 rounded-md border border-slate-200 
bg-white p-4 md:grid-cols-2"[39m
        [36m>[39m
          [36m<div[39m
            [33mclass[39m=[32m"grid gap-2"[39m
          [36m>[39m
            [36m<label[39m
              [33mclass[39m=[32m"text-sm font-medium text-slate-800"[39m
              [33mfor[39m=[32m"pseudonym"[39m
            [36m>[39m
              [0mPseudonyme[0m
            [36m</label>[39m
            [36m<input[39m
              [33mclass[39m=[32m"rounded-md border border-slate-300 px-3 
py-2"[39m
              [33mid[39m=[32m"pseudonym"[39m
              [33mvalue[39m=[32m"Collapse"[39m
            [36m/>[39m
          [36m</div>[39m
          [36m<div[39m
            [33mclass[39m=[32m"grid gap-2"[39m
          [36m>[39m
            [36m<label[39m
              [33mclass[39m=[32m"text-sm font-medium text-slate-800"[39m
              [33mfor[39m=[32m"mainRole"[39m
            [36m>[39m
              [0mRole principal[0m
            [36m</label>[39m
            [36m<select[39m
              [33mclass[39m=[32m"rounded-md border border-slate-300 
bg-white px-3 py-2"[39m
              [33mid[39m=[32m"mainRole"[39m
            [36m>[39m
              [36m<option[39m
                [33mvalue[39m=[32m"position_1"[39m
              [36m>[39m
                [0mPosition 1[0m
              [36m</option>[39m
              [36m<option[39m
                [33mvalue[39m=[32m"position_2"[39m
              [36m>[39m
                [0mPosition 2[0m
              [36m</option>[39m
              [36m<option[39m
                [33mvalue[39m=[32m"position_3"[39m
              [36m>[39m
                [0mPosition 3[0m
              [36m</option>[39m
              [36m<option[39m
                [33mvalue[39m=[32m"position_4"[39m
              [36m>[39m
                [0mPosition 4[0m
              [36m</option>[39m
              [36m<option[39m
                [33mvalue[39m=[32m"position_5"[39m
              [36m>[39m
                [0mPosition 5[0m
              [36m</option>[39m
            [36m</select>[39m
          [36m</div>[39m
          [36m<div[39m
            [33mclass[39m=[32m"md:col-span-2"[39m
          [36m>[39m
            [36m<fieldset[39m
              [33mclass[39m=[32m"grid gap-2"[39m
            [36m>[39m
              [36m<legend[39m
                [33mclass[39m=[32m"text-sm font-medium text-slate-800"[39m
              [36m>[39m
                [0mRoles secondaires[0m
              [36m</legend>[39m
              [36m<div[39m
                [33mclass[39m=[32m"grid gap-2 sm:grid-cols-2"[39m
              [36m>[39m
                [36m<label[39m
                  [33mclass[39m=[32m"flex items-center gap-2 text-sm 
text-slate-700"[39m
                [36m>[39m
                  [36m<input[39m
                    [33mclass[39m=[32m"h-4 w-4"[39m
                    [33mtype[39m=[32m"checkbox"[39m
                  [36m/>[39m
                  [0mPosition 1[0m
                [36m</label>[39m
                [36m<label[39m
                  [33mclass[39m=[32m"flex items-center gap-2 text-sm 
text-slate-700"[39m
                [36m>[39m
                  [36m<input[39m
                    [33mclass[39m=[32m"h-4 w-4"[39m
                    [33mtype[39m=[32m"checkbox"[39m
                  [36m/>[39m
                  [0mPosition 2[0m
                [36m</label>[39m
                [36m<label[39m
                  [33mclass[39m=[32m"flex items-center gap-2 text-sm 
text-slate-700"[39m
                [36m>[39m
                  [36m<input[39m
                    [33mclass[39m=[32m"h-4 w-4"[39m
                    [33mtype[39m=[32m"checkbox"[39m
                  [36m/>[39m
                  [0mPosition 3[0m
                [36m</label>[39m
                [36m<label[39m
                  [33mclass[39m=[32m"flex items-center gap-2 text-sm 
text-slate-700"[39m
                [36m>[39m
                  [36m<input[39m
                    [33mclass[39m=[32m"h-4 w-4"[39m
                    [33mtype[39m=[32m"checkbox"[39m
                  [36m/>[39m
                  [0mPosition 4[0m
                [36m</label>[39m
                [36m<label[39m
                  [33mclass[39m=[32m"flex items-center gap-2 text-sm 
text-slate-700"[39m
                [36m>[39m
                  [36m<input[39m
                    [33mclass[39m=[32m"h-4 w-4"[39m
                    [33mtype[39m=[32m"checkbox"[39m
                  [36m/>[39m
                  [0mPosition 5[0m
                [36m</label>[39m
              [36m</div>[39m
            [36m</fieldset>[39m
          [36m</div>[39m
        [36m</div>[39m
        [36m<div[39m
          [33mclass[39m=[32m"grid gap-4 rounded-md border border-slate-200 
bg-white p-4 md:grid-cols-5"[39m
        [36m>[39m
          [36m<div[39m
            [33mclass[39m=[32m"grid gap-2"[39m
          [36m>[39m
[2m Test Files [22m [1m[31m3 failed[39m[22m[2m | [22m[1m[32m6 passed[39m[22m[90m (9)[39m
[2m      Tests [22m [1m[31m3 failed[39m[22m[2m | [22m[1m[32m37 passed[39m[22m[90m (40)[39m
[2m   Start at [22m 15:40:01
[2m   Duration [22m 3.46s[2m (transform 831ms, setup 1.99s, collect 2.87s, tests 1.17s, environment 12.71s, prepare 1.80s)[22m

            [36m<label[39m
              [33mclass[39m=[32m"text-sm font-medium text-slate-800"[39m
              [33mfor[39m=[32m"farmPriority"[39m
            [36m>[39m
              [0mPriorite farm[0m
            [36m</label>[39m
            [36m<select[39m
              [33mclass[39m=[32m"rounded-md border border-slate-300 
bg-white px-3 py-2"[39m
              [33mid[39m=[32m"farmPriority"[39m
            [36m>[39m
              [36m<option[39m
                [33mvalue[39m=[32m"1"[39m
              [36m>[39m
                [0m1[0m
              [36m</option>[39m
              [36m<option[39m
                [33mvalue[39m=[32m"2"[39m
              [36m>[39m
                [0m2[0m
              [36m</option>[39m
              [36m<option[39m
                [33mvalue[39m=[32m"3"[39m
              [36m>[39m
                [0m3[0m
              [36m</option>[39m
              [36m<option[39m
                [33mvalue[39m=[32m"4"[39m
              [36m>[39m
                [0m4[0m
              [36m</option>[39m
              [36m<option[39m
          ...
[90m [2mÔØ»[22m Object.getElementError 
node_modules/@testing-library/dom/dist/config.js:[2m37:19[22m[39m
[90m [2mÔØ»[22m getAllByLabelText node_modules/@testing-library/dom/dist/que
ries/label-text.js:[2m111:38[22m[39m
[90m [2mÔØ»[22m 
node_modules/@testing-library/dom/dist/query-helpers.js:[2m52:17[22m[39m
[90m [2mÔØ»[22m 
node_modules/@testing-library/dom/dist/query-helpers.js:[2m95:19[22m[39m
[36m [2mÔØ»[22m 
src/features/hero-pool/hero-pool-manager.test.tsx:[2m24:42[22m[39m
    [90m 22| [39m    [35mawait[39m 
screen[33m.[39m[34mfindByText[39m([36m/Profil enregistre pour 
Collapse/i[39m)[33m;[39m
    [90m 23| [39m
    [90m 24| [39m    [35mawait[39m userEvent[33m.[39m[34mselectOptions[
39m(screen[33m.[39m[34mgetByLabelText[39m([36m/^heros$/i[39m)[33m,[39m 
[32m'[39mÔÇª
    [90m   | [39m                                         [31m^[39m
    [90m 25| [39m    [35mawait[39m userEvent[33m.[39m[34mclick[39m(
    [90m 26| [39m      
screen[33m.[39m[34mgetByRole[39m([32m'button'[39m[33m,[39m { 
name[33m:[39m [36m/ajouter le heros/i[39m })[33m,[39m

[31m[2mÔÄ»ÔÄ»ÔÄ»ÔÄ»ÔÄ»ÔÄ»ÔÄ»ÔÄ»ÔÄ»ÔÄ»ÔÄ»ÔÄ»ÔÄ»ÔÄ»ÔÄ»ÔÄ»ÔÄ»ÔÄ»ÔÄ»ÔÄ»ÔÄ»ÔÄ»ÔÄ»Ô
Ä»[3/3]ÔÄ»[22m[39m

